2025-12-06 12:22:33,352 ERROR: Exception on /faculty [GET] [in C:\Users\chauh\AppData\Local\Packages\PythonSoftwareFoundation.Python.3.13_qbz5n2kfra8p0\LocalCache\local-packages\Python313\site-packages\flask\app.py:875]
Traceback (most recent call last):
  File "C:\Users\chauh\AppData\Local\Packages\PythonSoftwareFoundation.Python.3.13_qbz5n2kfra8p0\LocalCache\local-packages\Python313\site-packages\flask\app.py", line 1511, in wsgi_app
    response = self.full_dispatch_request()
  File "C:\Users\chauh\AppData\Local\Packages\PythonSoftwareFoundation.Python.3.13_qbz5n2kfra8p0\LocalCache\local-packages\Python313\site-packages\flask\app.py", line 919, in full_dispatch_request
    rv = self.handle_user_exception(e)
  File "C:\Users\chauh\AppData\Local\Packages\PythonSoftwareFoundation.Python.3.13_qbz5n2kfra8p0\LocalCache\local-packages\Python313\site-packages\flask\app.py", line 917, in full_dispatch_request
    rv = self.dispatch_request()
  File "C:\Users\chauh\AppData\Local\Packages\PythonSoftwareFoundation.Python.3.13_qbz5n2kfra8p0\LocalCache\local-packages\Python313\site-packages\flask\app.py", line 902, in dispatch_request
    return self.ensure_sync(self.view_functions[rule.endpoint])(**view_args)  # type: ignore[no-any-return]
           ~~~~~~~~~~~~~~~~~~~~~~~~~~~~~~~~~~~~~~~~~~~~~~~~~~~~^^^^^^^^^^^^^
  File "C:\Users\chauh\AppData\Local\Packages\PythonSoftwareFoundation.Python.3.13_qbz5n2kfra8p0\LocalCache\local-packages\Python313\site-packages\flask_login\utils.py", line 290, in decorated_view
    return current_app.ensure_sync(func)(*args, **kwargs)
           ~~~~~~~~~~~~~~~~~~~~~~~~~~~~~^^^^^^^^^^^^^^^^^
  File "E:\SEM-6\Personal\attendance\app.py", line 241, in faculty_dashboard
    return render_template('faculty.html', slots=slots, batches=batches, semesters=semesters, user=current_user, is_elective=is_elective)
  File "C:\Users\chauh\AppData\Local\Packages\PythonSoftwareFoundation.Python.3.13_qbz5n2kfra8p0\LocalCache\local-packages\Python313\site-packages\flask\templating.py", line 149, in render_template
    template = app.jinja_env.get_or_select_template(template_name_or_list)
  File "C:\Users\chauh\AppData\Local\Packages\PythonSoftwareFoundation.Python.3.13_qbz5n2kfra8p0\LocalCache\local-packages\Python313\site-packages\jinja2\environment.py", line 1087, in get_or_select_template
    return self.get_template(template_name_or_list, parent, globals)
           ~~~~~~~~~~~~~~~~~^^^^^^^^^^^^^^^^^^^^^^^^^^^^^^^^^^^^^^^^
  File "C:\Users\chauh\AppData\Local\Packages\PythonSoftwareFoundation.Python.3.13_qbz5n2kfra8p0\LocalCache\local-packages\Python313\site-packages\jinja2\environment.py", line 1016, in get_template
    return self._load_template(name, globals)
           ~~~~~~~~~~~~~~~~~~~^^^^^^^^^^^^^^^
  File "C:\Users\chauh\AppData\Local\Packages\PythonSoftwareFoundation.Python.3.13_qbz5n2kfra8p0\LocalCache\local-packages\Python313\site-packages\jinja2\environment.py", line 975, in _load_template
    template = self.loader.load(self, name, self.make_globals(globals))
  File "C:\Users\chauh\AppData\Local\Packages\PythonSoftwareFoundation.Python.3.13_qbz5n2kfra8p0\LocalCache\local-packages\Python313\site-packages\jinja2\loaders.py", line 138, in load
    code = environment.compile(source, name, filename)
  File "C:\Users\chauh\AppData\Local\Packages\PythonSoftwareFoundation.Python.3.13_qbz5n2kfra8p0\LocalCache\local-packages\Python313\site-packages\jinja2\environment.py", line 771, in compile
    self.handle_exception(source=source_hint)
    ~~~~~~~~~~~~~~~~~~~~~^^^^^^^^^^^^^^^^^^^^
  File "C:\Users\chauh\AppData\Local\Packages\PythonSoftwareFoundation.Python.3.13_qbz5n2kfra8p0\LocalCache\local-packages\Python313\site-packages\jinja2\environment.py", line 942, in handle_exception
    raise rewrite_traceback_stack(source=source)
  File "E:\SEM-6\Personal\attendance\templates\faculty.html", line 228, in template
    {% endblock %}
jinja2.exceptions.TemplateSyntaxError: Unexpected end of template. Jinja was looking for the following tags: 'endblock'. The innermost block that needs to be closed is 'block'.
2025-12-06 12:23:53,869 INFO: Attendance System startup [in E:\SEM-6\Personal\attendance\app.py:68]
2025-12-06 12:23:57,009 INFO: API /api/students called with params: {'batch': ''} [in E:\SEM-6\Personal\attendance\app.py:246]
2025-12-06 12:23:57,010 INFO: Filtering by Elective 2: Advanced Flutter [in E:\SEM-6\Personal\attendance\app.py:297]
2025-12-06 12:23:57,017 INFO: Found 11 students [in E:\SEM-6\Personal\attendance\app.py:302]
2025-12-06 12:23:57,049 INFO: API /api/students called with params: {'batch': ''} [in E:\SEM-6\Personal\attendance\app.py:246]
2025-12-06 12:23:57,054 INFO: Filtering by Elective 2: Advanced Flutter [in E:\SEM-6\Personal\attendance\app.py:297]
2025-12-06 12:23:57,059 INFO: Found 11 students [in E:\SEM-6\Personal\attendance\app.py:302]
2025-12-06 12:26:20,483 INFO: Attendance System startup [in E:\SEM-6\Personal\attendance\app.py:68]
2025-12-06 12:26:23,021 INFO: API /api/students called with params: {'batch': ''} [in E:\SEM-6\Personal\attendance\app.py:246]
2025-12-06 12:26:23,022 INFO: Filtering by Elective 2: Advanced Flutter [in E:\SEM-6\Personal\attendance\app.py:297]
2025-12-06 12:26:23,028 INFO: Found 11 students [in E:\SEM-6\Personal\attendance\app.py:302]
2025-12-06 12:26:23,064 INFO: API /api/students called with params: {'batch': ''} [in E:\SEM-6\Personal\attendance\app.py:246]
2025-12-06 12:26:23,067 INFO: Filtering by Elective 2: Advanced Flutter [in E:\SEM-6\Personal\attendance\app.py:297]
2025-12-06 12:26:23,072 INFO: Found 11 students [in E:\SEM-6\Personal\attendance\app.py:302]
